Downloading
https://hackage.haskell.org/package/kiroku-store-0.10.0.0/kiroku-store-0.10.0.0.tar.gz
Downloading
https://hackage.haskell.org/package/kiroku-store-migrations-0.7.0.0/kiroku-store-migrations-0.7.0.0.tar.gz
Downloading
https://hackage.haskell.org/package/shibuya-kiroku-adapter-0.6.0.0/shibuya-kiroku-adapter-0.6.0.0.tar.gz
Build profile: -w ghc-9.12.4 -O1
In order, the following will be built (use -v for more details):
 - keiro-0.19.0.1 (test:keiro-test) (file test/Main.hs changed)
Preprocessing test suite 'keiro-test' for keiro-0.19.0.1...
Building test suite 'keiro-test' for keiro-0.19.0.1...
[18 of 18] Compiling Main             ( test/Main.hs, /Users/shinzui/Keikaku/bokuno/keiro/dist-newstyle/build/aarch64-osx/ghc-9.12.4/keiro-0.19.0.1/t/keiro-test/build/keiro-test/keiro-test-tmp/Main.o ) [Source file changed]
test/Main.hs:15:46: warning: [GHC-38856] [-Wunused-imports]
    The import of ‘.:?’ from module ‘Data.Aeson’ is redundant
   |
15 | import Data.Aeson (object, withObject, (.:), (.:?))
   |                                              ^^^^^

test/Main.hs:28:1: warning: [GHC-66111] [-Wunused-imports]
    The import of ‘Data.Monoid’ is redundant
      except perhaps to import instances from ‘Data.Monoid’
    To import instances alone, use: import Data.Monoid()
   |
28 | import Data.Monoid (mempty)
   | ^^^^^^^^^^^^^^^^^^^^^^^^^^^

test/Main.hs:102:1: warning: [GHC-66111] [-Wunused-imports]
    The import of ‘Keiro.EventStream’ is redundant
      except perhaps to import instances from ‘Keiro.EventStream’
    To import instances alone, use: import Keiro.EventStream()
    |
102 | import Keiro.EventStream (Terminality (..))
    | ^^^^^^^^^^^^^^^^^^^^^^^^^^^^^^^^^^^^^^^^^^^

test/Main.hs:103:1: warning: [GHC-66111] [-Wunused-imports]
    The import of ‘Keiro.EventStream.Validate’ is redundant
      except perhaps to import instances from ‘Keiro.EventStream.Validate’
    To import instances alone, use: import Keiro.EventStream.Validate()
    |
103 | import Keiro.EventStream.Validate
    | ^^^^^^^^^^^^^^^^^^^^^^^^^^^^^^^^^...

test/Main.hs:209:5: warning: [GHC-38856] [-Wunused-imports]
    The import of ‘ShardCountResizeReport’
    from module ‘Keiro.Subscription.Shard’ is redundant
    |
209 |     ShardCountResizeReport (..),
    |     ^^^^^^^^^^^^^^^^^^^^^^^^^^^

test/Main.hs:368:5: warning: [GHC-38856] [-Wunused-imports]
    The import of ‘EventType’
    from module ‘Kiroku.Store.Types’ is redundant
    |
368 |     EventType (..),
    |     ^^^^^^^^^^^^^^

test/Main.hs:902:45: warning: [GHC-02256] [-Wambiguous-fields]
    Ambiguous record update with parent type constructor ‘Codec’.
    This type-directed disambiguation mechanism will not be supported by -XDuplicateRecordFields in future releases of GHC.
    Consider disambiguating using module qualification instead.
    |
902 |       fmap (const ()) (mkCodec (orderCodec {schemaVersion = 0})) `shouldBe` Left (CodecSchemaVersionInvalid 0)
    |                                             ^^^^^^^^^^^^^^^^^

test/Main.hs:1001:113: warning: [GHC-18042] [-Wtype-defaults]
    • Defaulting the type variable ‘a0’ to type ‘Integer’ in the following constraints
        (Num a0) arising from the literal ‘7’ at test/Main.hs:1001:113
        (Eq a0) arising from a use of ‘shouldBe’ at test/Main.hs:1001:9-18
        (Show a0)
          arising from a use of ‘shouldBe’ at test/Main.hs:1001:9-18
        (Num a0) arising from the literal ‘7’ at test/Main.hs:991:106
    • In the expression: 7
      In the third argument of ‘NominalFixture’, namely ‘(7, True)’
      In the first argument of ‘(:|)’, namely
        ‘NominalFixture
           "enabled"
           (object ["enabled" Aeson..= True, "amount" Aeson..= (7 :: Int)])
           (7, True)’
     |
1001 |         `shouldBe` ( NominalFixture "enabled" (object ["enabled" Aeson..= True, "amount" Aeson..= (7 :: Int)]) (7, True)
     |                                                                                                                 ^

test/Main.hs:3453:11: warning: [GHC-68441] [-Wdeprecations]
    In the use of ‘runQueryWith’ (imported from Keiro.ReadModel):
    Deprecated: "Use runQueryWithFreshness. It remains exported while keiro-dsl's Language 4 read-model generator emits the legacy consistency surface and is removed with that generator in a later major release."
     |
3453 |           runQueryWith Nothing Strong counterReadModel "empty"
     |           ^^^^^^^^^^^^

test/Main.hs:3453:32: warning: [GHC-68441] [-Wdeprecations]
    In the use of data constructor ‘Strong’
    (imported from Keiro.ReadModel):
    Deprecated: "Use WaitForHead. Strong is a bounded captured-head wait, not linearizability. It remains exported while keiro-dsl's Language 4 read-model generator emits it and is removed with that generator in a later major release."
     |
3453 |           runQueryWith Nothing Strong counterReadModel "empty"
     |                                ^^^^^^

test/Main.hs:3528:11: warning: [GHC-68441] [-Wdeprecations]
    In the use of ‘runQueryWith’ (imported from Keiro.ReadModel):
    Deprecated: "Use runQueryWithFreshness. It remains exported while keiro-dsl's Language 4 read-model generator emits the legacy consistency surface and is removed with that generator in a later major release."
     |
3528 |           runQueryWith (Just keiroMetrics) Strong counterImmediateReadModel "inline"
     |           ^^^^^^^^^^^^

test/Main.hs:3528:44: warning: [GHC-68441] [-Wdeprecations]
    In the use of data constructor ‘Strong’
    (imported from Keiro.ReadModel):
    Deprecated: "Use WaitForHead. Strong is a bounded captured-head wait, not linearizability. It remains exported while keiro-dsl's Language 4 read-model generator emits it and is removed with that generator in a later major release."
     |
3528 |           runQueryWith (Just keiroMetrics) Strong counterImmediateReadModel "inline"
     |                                            ^^^^^^

test/Main.hs:3540:11: warning: [GHC-68441] [-Wdeprecations]
    In the use of ‘runQueryWith’ (imported from Keiro.ReadModel):
    Deprecated: "Use runQueryWithFreshness. It remains exported while keiro-dsl's Language 4 read-model generator emits the legacy consistency surface and is removed with that generator in a later major release."
     |
3540 |           runQueryWith
     |           ^^^^^^^^^^^^

test/Main.hs:3542:14: warning: [GHC-68441] [-Wdeprecations]
    In the use of data constructor ‘PositionWait’
    (imported from Keiro.ReadModel):
    Deprecated: "Use WaitForPosition with a concrete target. It remains exported while keiro-dsl's Language 4 read-model generator emits it and is removed with that generator in a later major release."
     |
3542 |             (PositionWait (fastWaitOptions & #target .~ Just (GlobalPosition 5)))
     |              ^^^^^^^^^^^^

test/Main.hs:3580:13: warning: [GHC-68441] [-Wdeprecations]
    In the use of ‘runQueryWith’ (imported from Keiro.ReadModel):
    Deprecated: "Use runQueryWithFreshness. It remains exported while keiro-dsl's Language 4 read-model generator emits the legacy consistency surface and is removed with that generator in a later major release."
     |
3580 |             runQueryWith Nothing Strong counterReadModel "inline"
     |             ^^^^^^^^^^^^

test/Main.hs:3580:34: warning: [GHC-68441] [-Wdeprecations]
    In the use of data constructor ‘Strong’
    (imported from Keiro.ReadModel):
    Deprecated: "Use WaitForHead. Strong is a bounded captured-head wait, not linearizability. It remains exported while keiro-dsl's Language 4 read-model generator emits it and is removed with that generator in a later major release."
     |
3580 |             runQueryWith Nothing Strong counterReadModel "inline"
     |                                  ^^^^^^

test/Main.hs:3611:13: warning: [GHC-68441] [-Wdeprecations]
    In the use of ‘runQueryWith’ (imported from Keiro.ReadModel):
    Deprecated: "Use runQueryWithFreshness. It remains exported while keiro-dsl's Language 4 read-model generator emits the legacy consistency surface and is removed with that generator in a later major release."
     |
3611 |             runQueryWith Nothing Strong counterReadModel "inline"
     |             ^^^^^^^^^^^^

test/Main.hs:3611:34: warning: [GHC-68441] [-Wdeprecations]
    In the use of data constructor ‘Strong’
    (imported from Keiro.ReadModel):
    Deprecated: "Use WaitForHead. Strong is a bounded captured-head wait, not linearizability. It remains exported while keiro-dsl's Language 4 read-model generator emits it and is removed with that generator in a later major release."
     |
3611 |             runQueryWith Nothing Strong counterReadModel "inline"
     |                                  ^^^^^^

test/Main.hs:3662:13: warning: [GHC-68441] [-Wdeprecations]
    In the use of ‘runQueryWith’ (imported from Keiro.ReadModel):
    Deprecated: "Use runQueryWithFreshness. It remains exported while keiro-dsl's Language 4 read-model generator emits the legacy consistency surface and is removed with that generator in a later major release."
     |
3662 |             runQueryWith Nothing Strong counterReadModel "inline"
     |             ^^^^^^^^^^^^

test/Main.hs:3662:34: warning: [GHC-68441] [-Wdeprecations]
    In the use of data constructor ‘Strong’
    (imported from Keiro.ReadModel):
    Deprecated: "Use WaitForHead. Strong is a bounded captured-head wait, not linearizability. It remains exported while keiro-dsl's Language 4 read-model generator emits it and is removed with that generator in a later major release."
     |
3662 |             runQueryWith Nothing Strong counterReadModel "inline"
     |                                  ^^^^^^

test/Main.hs:3697:13: warning: [GHC-68441] [-Wdeprecations]
    In the use of ‘runQueryWith’ (imported from Keiro.ReadModel):
    Deprecated: "Use runQueryWithFreshness. It remains exported while keiro-dsl's Language 4 read-model generator emits the legacy consistency surface and is removed with that generator in a later major release."
     |
3697 |             runQueryWith Nothing Strong counterReadModel "inline"
     |             ^^^^^^^^^^^^

test/Main.hs:3697:34: warning: [GHC-68441] [-Wdeprecations]
    In the use of data constructor ‘Strong’
    (imported from Keiro.ReadModel):
    Deprecated: "Use WaitForHead. Strong is a bounded captured-head wait, not linearizability. It remains exported while keiro-dsl's Language 4 read-model generator emits it and is removed with that generator in a later major release."
     |
3697 |             runQueryWith Nothing Strong counterReadModel "inline"
     |                                  ^^^^^^

test/Main.hs:3745:13: warning: [GHC-68441] [-Wdeprecations]
    In the use of ‘runQueryWith’ (imported from Keiro.ReadModel):
    Deprecated: "Use runQueryWithFreshness. It remains exported while keiro-dsl's Language 4 read-model generator emits the legacy consistency surface and is removed with that generator in a later major release."
     |
3745 |             runQueryWith Nothing Strong counterCategoryReadModel "inline"
     |             ^^^^^^^^^^^^

test/Main.hs:3745:34: warning: [GHC-68441] [-Wdeprecations]
    In the use of data constructor ‘Strong’
    (imported from Keiro.ReadModel):
    Deprecated: "Use WaitForHead. Strong is a bounded captured-head wait, not linearizability. It remains exported while keiro-dsl's Language 4 read-model generator emits it and is removed with that generator in a later major release."
     |
3745 |             runQueryWith Nothing Strong counterCategoryReadModel "inline"
     |                                  ^^^^^^

test/Main.hs:3799:13: warning: [GHC-68441] [-Wdeprecations]
    In the use of ‘runQueryWith’ (imported from Keiro.ReadModel):
    Deprecated: "Use runQueryWithFreshness. It remains exported while keiro-dsl's Language 4 read-model generator emits the legacy consistency surface and is removed with that generator in a later major release."
     |
3799 |             runQueryWith
     |             ^^^^^^^^^^^^

test/Main.hs:3801:16: warning: [GHC-68441] [-Wdeprecations]
    In the use of data constructor ‘PositionWait’
    (imported from Keiro.ReadModel):
    Deprecated: "Use WaitForPosition with a concrete target. It remains exported while keiro-dsl's Language 4 read-model generator emits it and is removed with that generator in a later major release."
     |
3801 |               (PositionWait (fastWaitOptions & #target .~ Just globalPosition))
     |                ^^^^^^^^^^^^

test/Main.hs:3824:11: warning: [GHC-68441] [-Wdeprecations]
    In the use of ‘runQueryWith’ (imported from Keiro.ReadModel):
    Deprecated: "Use runQueryWithFreshness. It remains exported while keiro-dsl's Language 4 read-model generator emits the legacy consistency surface and is removed with that generator in a later major release."
     |
3824 |           runQueryWith
     |           ^^^^^^^^^^^^

test/Main.hs:3826:14: warning: [GHC-68441] [-Wdeprecations]
    In the use of data constructor ‘PositionWait’
    (imported from Keiro.ReadModel):
    Deprecated: "Use WaitForPosition with a concrete target. It remains exported while keiro-dsl's Language 4 read-model generator emits it and is removed with that generator in a later major release."
     |
3826 |             (PositionWait (fastWaitOptions & #target .~ Just (GlobalPosition 5)))
     |              ^^^^^^^^^^^^

test/Main.hs:4347:11: warning: [GHC-68441] [-Wdeprecations]
    In the use of ‘runQueryWith’ (imported from Keiro.ReadModel):
    Deprecated: "Use runQueryWithFreshness. It remains exported while keiro-dsl's Language 4 read-model generator emits the legacy consistency surface and is removed with that generator in a later major release."
     |
4347 |           runQueryWith
     |           ^^^^^^^^^^^^

test/Main.hs:4349:14: warning: [GHC-68441] [-Wdeprecations]
    In the use of data constructor ‘PositionWait’
    (imported from Keiro.ReadModel):
    Deprecated: "Use WaitForPosition with a concrete target. It remains exported while keiro-dsl's Language 4 read-model generator emits it and is removed with that generator in a later major release."
     |
4349 |             (PositionWait (fastWaitOptions & #target .~ Just (GlobalPosition 5)))
     |              ^^^^^^^^^^^^

test/Main.hs:4833:20: warning: [GHC-63397] [-Wname-shadowing]
    This binding for ‘id’ shadows the existing binding
      imported from ‘Prelude’ at test/Main.hs:1:8-11
      (and originally defined in ‘ghc-internal-9.1204.0:GHC.Internal.Base’)
     |
4833 |           original id = counterTimerRequest & #timerId .~ id & #fireAt .~ dueTimerTime & #payload .~ object ["version" Aeson..= (1 :: Int)]
     |                    ^^

test/Main.hs:4834:19: warning: [GHC-63397] [-Wname-shadowing]
    This binding for ‘id’ shadows the existing binding
      imported from ‘Prelude’ at test/Main.hs:1:8-11
      (and originally defined in ‘ghc-internal-9.1204.0:GHC.Internal.Base’)
     |
4834 |           changed id = original id & #fireAt .~ addUTCTime 60 dueTimerTime & #payload .~ object ["version" Aeson..= (2 :: Int)]
     |                   ^^

test/Main.hs:5500:17: warning: [GHC-02256] [-Wambiguous-fields]
    Ambiguous record update with parent type constructor ‘ProcessManager’.
    This type-directed disambiguation mechanism will not be supported by -XDuplicateRecordFields in future releases of GHC.
    Consider disambiguating using module qualification instead.
     |
5500 |               { targetEventStream = rejectingEventStream
     |                 ^^^^^^^^^^^^^^^^^^^^^^^^^^^^^^^^^^^^^^^^

test/Main.hs:5533:17: warning: [GHC-02256] [-Wambiguous-fields]
    Ambiguous record update with parent type constructor ‘ProcessManager’.
    This type-directed disambiguation mechanism will not be supported by -XDuplicateRecordFields in future releases of GHC.
    Consider disambiguating using module qualification instead.
     |
5533 |               { targetEventStream = rejectNineEventStream
     |                 ^^^^^^^^^^^^^^^^^^^^^^^^^^^^^^^^^^^^^^^^^

test/Main.hs:5581:17: warning: [GHC-02256] [-Wambiguous-fields]
    Ambiguous record update with parent type constructor ‘ProcessManager’.
    This type-directed disambiguation mechanism will not be supported by -XDuplicateRecordFields in future releases of GHC.
    Consider disambiguating using module qualification instead.
     |
5581 |               { targetEventStream = rejectingEventStream
     |                 ^^^^^^^^^^^^^^^^^^^^^^^^^^^^^^^^^^^^^^^^

test/Main.hs:5605:17: warning: [GHC-02256] [-Wambiguous-fields]
    Ambiguous record update with parent type constructor ‘ProcessManager’.
    This type-directed disambiguation mechanism will not be supported by -XDuplicateRecordFields in future releases of GHC.
    Consider disambiguating using module qualification instead.
     |
5605 |               { eventStream = rejectingEventStream
     |                 ^^^^^^^^^^^^^^^^^^^^^^^^^^^^^^^^^^

test/Main.hs:5630:17: warning: [GHC-02256] [-Wambiguous-fields]
    Ambiguous record update with parent type constructor ‘ProcessManager’.
    This type-directed disambiguation mechanism will not be supported by -XDuplicateRecordFields in future releases of GHC.
    Consider disambiguating using module qualification instead.
     |
5630 |               { targetEventStream = rejectingEventStream
     |                 ^^^^^^^^^^^^^^^^^^^^^^^^^^^^^^^^^^^^^^^^

test/Main.hs:5654:17: warning: [GHC-02256] [-Wambiguous-fields]
    Ambiguous record update with parent type constructor ‘ProcessManager’.
    This type-directed disambiguation mechanism will not be supported by -XDuplicateRecordFields in future releases of GHC.
    Consider disambiguating using module qualification instead.
     |
5654 |               { targetEventStream = rejectingEventStream
     |                 ^^^^^^^^^^^^^^^^^^^^^^^^^^^^^^^^^^^^^^^^

test/Main.hs:6549:15: warning: [GHC-63397] [-Wname-shadowing]
    This binding for ‘before’ shadows the existing binding
      imported from ‘Test.Hspec’ at test/Main.hs:433:1-17
      (and originally defined in ‘hspec-core-2.11.18:Test.Hspec.Core.Hooks’)
     |
6549 |         Right before <- Store.runStoreIO firstStore $ Store.runTransaction $ Tx.statement () timerReadSnapshotStmt
     |               ^^^^^^

test/Main.hs:6604:15: warning: [GHC-63397] [-Wname-shadowing]
    This binding for ‘before’ shadows the existing binding
      imported from ‘Test.Hspec’ at test/Main.hs:433:1-17
      (and originally defined in ‘hspec-core-2.11.18:Test.Hspec.Core.Hooks’)
     |
6604 |         Right before <- Store.runStoreIO firstStore $ Store.runTransaction $ Tx.statement () timerReadSnapshotStmt
     |               ^^^^^^

test/Main.hs:6657:13: warning: [GHC-63397] [-Wname-shadowing]
    This binding for ‘before’ shadows the existing binding
      imported from ‘Test.Hspec’ at test/Main.hs:433:1-17
      (and originally defined in ‘hspec-core-2.11.18:Test.Hspec.Core.Hooks’)
     |
6657 |             before <- snapshot
     |             ^^^^^^

test/Main.hs:6671:7: warning: [GHC-63397] [-Wname-shadowing]
    This binding for ‘before’ shadows the existing binding
      imported from ‘Test.Hspec’ at test/Main.hs:433:1-17
      (and originally defined in ‘hspec-core-2.11.18:Test.Hspec.Core.Hooks’)
     |
6671 |       before <- snapshot
     |       ^^^^^^

test/Main.hs:6688:21: warning: [GHC-63397] [-Wname-shadowing]
    This binding for ‘before’ shadows the existing binding
      imported from ‘Test.Hspec’ at test/Main.hs:433:1-17
      (and originally defined in ‘hspec-core-2.11.18:Test.Hspec.Core.Hooks’)
     |
6688 |         Right (Just before) <- Store.runStoreIO storeHandle $ lookupTimer tid
     |                     ^^^^^^

test/Main.hs:6691:22: warning: [GHC-63397] [-Wname-shadowing]
    This binding for ‘repeated’ shadows the existing binding
      imported from ‘Keiro.Prelude’ at test/Main.hs:196:1-20
      (and originally defined in ‘lens-5.3.6:Control.Lens.Fold’)
     |
6691 |         Right (Right repeated) <- Store.runStoreIO storeHandle $ claimDeadTimer request
     |                      ^^^^^^^^

test/Main.hs:6707:13: warning: [GHC-63397] [-Wname-shadowing]
    This binding for ‘before’ shadows the existing binding
      imported from ‘Test.Hspec’ at test/Main.hs:433:1-17
      (and originally defined in ‘hspec-core-2.11.18:Test.Hspec.Core.Hooks’)
     |
6707 |       Right before <- Store.runStoreIO storeHandle $ Store.runTransaction $ Tx.statement () timerReadSnapshotStmt
     |             ^^^^^^

test/Main.hs:7222:32: warning: [GHC-63397] [-Wname-shadowing]
    This binding for ‘index’ shadows the existing binding
      imported from ‘Keiro.Prelude’ at test/Main.hs:196:1-20
      (and originally defined in ‘lens-5.3.6:Control.Lens.Indexed’)
     |
7222 |         enqueue producer event index draft storeHandle = Store.runStoreIO storeHandle (Store.runTransaction (ProducerOutbox.enqueueProducerEventTx producer event index draft))
     |                                ^^^^^

test/Main.hs:7251:9: warning: [GHC-63397] [-Wname-shadowing]
    This binding for ‘before’ shadows the existing binding
      imported from ‘Test.Hspec’ at test/Main.hs:433:1-17
      (and originally defined in ‘hspec-core-2.11.18:Test.Hspec.Core.Hooks’)
     |
7251 |         before <- Store.withStore (Store.defaultConnectionSettings conn) $ \storeHandle -> do
     |         ^^^^^^

test/Main.hs:7261:16: warning: [GHC-63397] [-Wname-shadowing]
    This binding for ‘before’ shadows the existing binding
      imported from ‘Test.Hspec’ at test/Main.hs:433:1-17
      (and originally defined in ‘hspec-core-2.11.18:Test.Hspec.Core.Hooks’)
     |
7261 |         Right [before] <- rows storeHandle
     |                ^^^^^^

test/Main.hs:7314:16: warning: [GHC-63397] [-Wname-shadowing]
    This binding for ‘before’ shadows the existing binding
      imported from ‘Test.Hspec’ at test/Main.hs:433:1-17
      (and originally defined in ‘hspec-core-2.11.18:Test.Hspec.Core.Hooks’)
     |
7314 |         Right [before] <- rows storeHandle
     |                ^^^^^^

test/Main.hs:7377:16: warning: [GHC-63397] [-Wname-shadowing]
    This binding for ‘before’ shadows the existing binding
      imported from ‘Test.Hspec’ at test/Main.hs:433:1-17
      (and originally defined in ‘hspec-core-2.11.18:Test.Hspec.Core.Hooks’)
     |
7377 |         Right [before] <- rows storeHandle
     |                ^^^^^^

test/Main.hs:8636:7: warning: [GHC-63397] [-Wname-shadowing]
    This binding for ‘contexts’ shadows the existing binding
      imported from ‘Keiro.Prelude’ at test/Main.hs:196:1-20
      (and originally defined in ‘lens-5.3.6:Control.Lens.Plated’)
     |
8636 |       contexts <- traverse (shouldBeRight . mkDelegatedRetryContext 3) [1, 2, 3, 4]
     |       ^^^^^^^^

test/Main.hs:8639:11: warning: [GHC-63397] [-Wname-shadowing]
    This binding for ‘failing’ shadows the existing binding
      imported from ‘Keiro.Prelude’ at test/Main.hs:196:1-20
      (and originally defined in ‘lens-5.3.6:Control.Lens.Traversal’)
     |
8639 |           failing _ _ = do
     |           ^^^^^^^

test/Main.hs:8641:13: warning: [GHC-81995] [-Wunused-do-bind]
    A do-notation statement discarded a result of type
      ‘ghc-prim:GHC.Types.ZonkAny 32’
    Suggested fix:
      Suppress this warning by saying
        ‘_ <- liftIO (throwIO (userError "retry ladder failure"))’
     |
8641 |             liftIO (throwIO (userError "retry ladder failure"))
     |             ^^^^^^^^^^^^^^^^^^^^^^^^^^^^^^^^^^^^^^^^^^^^^^^^^^^

test/Main.hs:8673:13: warning: [GHC-81995] [-Wunused-do-bind]
    A do-notation statement discarded a result of type
      ‘ghc-prim:GHC.Types.ZonkAny 33’
    Suggested fix:
      Suppress this warning by saying
        ‘_ <- liftIO (throwIO (userError "terminal delegated failure"))’
     |
8673 |             liftIO (throwIO (userError "terminal delegated failure"))
     |             ^^^^^^^^^^^^^^^^^^^^^^^^^^^^^^^^^^^^^^^^^^^^^^^^^^^^^^^^^

test/Main.hs:10074:13: warning: [GHC-63397] [-Wname-shadowing]
    This binding for ‘indexed’ shadows the existing binding
      imported from ‘Keiro.Prelude’ at test/Main.hs:196:1-20
      (and originally defined in ‘lens-5.3.6:Control.Lens.Internal.Indexed’)
      |
10074 |       Right indexed <- Store.runStoreIO storeHandle $ loadStepIndex name wid 0
      |             ^^^^^^^

test/Main.hs:11499:19: warning: [GHC-63397] [-Wname-shadowing]
    This binding for ‘streamName’ shadows the existing binding
      imported from ‘Keiro’ at test/Main.hs:72:1-12
      (and originally defined in ‘Keiro.Stream’)
      |
11499 |               let streamName = workflowGenerationStreamName name wid g
      |                   ^^^^^^^^^^

test/Main.hs:11565:7: warning: [GHC-63397] [-Wname-shadowing]
    This binding for ‘pre’ shadows the existing binding
      imported from ‘Keiro.Prelude’ at test/Main.hs:196:1-20
      (and originally defined in ‘lens-5.3.6:Control.Lens.Fold’)
      |
11565 |       pre <- Store.runStoreIO storeHandle $ runWorkflow name inflight (prePatchWorkflow counter)
      |       ^^^

test/Main.hs:11985:11: warning: [GHC-63397] [-Wname-shadowing]
    This binding for ‘before’ shadows the existing binding
      imported from ‘Test.Hspec’ at test/Main.hs:433:1-17
      (and originally defined in ‘hspec-core-2.11.18:Test.Hspec.Core.Hooks’)
      |
11985 |           before <- positions store
      |           ^^^^^^

test/Main.hs:11994:7: warning: [GHC-63397] [-Wname-shadowing]
    This binding for ‘before’ shadows the existing binding
      imported from ‘Test.Hspec’ at test/Main.hs:433:1-17
      (and originally defined in ‘hspec-core-2.11.18:Test.Hspec.Core.Hooks’)
      |
11994 |       before <- seedSkewed store
      |       ^^^^^^

test/Main.hs:12004:7: warning: [GHC-63397] [-Wname-shadowing]
    This binding for ‘before’ shadows the existing binding
      imported from ‘Test.Hspec’ at test/Main.hs:433:1-17
      (and originally defined in ‘hspec-core-2.11.18:Test.Hspec.Core.Hooks’)
      |
12004 |       before <- seedSkewed store
      |       ^^^^^^

test/Main.hs:12015:7: warning: [GHC-63397] [-Wname-shadowing]
    This binding for ‘before’ shadows the existing binding
      imported from ‘Test.Hspec’ at test/Main.hs:433:1-17
      (and originally defined in ‘hspec-core-2.11.18:Test.Hspec.Core.Hooks’)
      |
12015 |       before <- seedSkewed store
      |       ^^^^^^

test/Main.hs:12023:7: warning: [GHC-63397] [-Wname-shadowing]
    This binding for ‘before’ shadows the existing binding
      imported from ‘Test.Hspec’ at test/Main.hs:433:1-17
      (and originally defined in ‘hspec-core-2.11.18:Test.Hspec.Core.Hooks’)
      |
12023 |       before <- seedSkewed store
      |       ^^^^^^

test/Main.hs:15560:18: warning: [GHC-63397] [-Wname-shadowing]
    This binding for ‘version’ shadows the existing binding
      imported from ‘Keiro’ at test/Main.hs:72:1-12
      |
15560 | metadataForOrDie version existing =
      |                  ^^^^^^^

test/Main.hs:17199:7: warning: [GHC-02256] [-Wambiguous-fields]
    Ambiguous record update with parent type constructor ‘ProcessManager’.
    This type-directed disambiguation mechanism will not be supported by -XDuplicateRecordFields in future releases of GHC.
    Consider disambiguating using module qualification instead.
      |
17199 |     { name = "unicode-pm",
      |       ^^^^^^^^^^^^^^^^^^^

test/Main.hs:17325:7: warning: [GHC-02256] [-Wambiguous-fields]
    Ambiguous record update with parent type constructor ‘ProcessManager’.
    This type-directed disambiguation mechanism will not be supported by -XDuplicateRecordFields in future releases of GHC.
    Consider disambiguating using module qualification instead.
      |
17325 |     { name = managerName,
      |       ^^^^^^^^^^^^^^^^^^

test/Main.hs:17745:38: warning: [GHC-63397] [-Wname-shadowing]
    This binding for ‘streamName’ shadows the existing binding
      imported from ‘Keiro’ at test/Main.hs:72:1-12
      (and originally defined in ‘Keiro.Stream’)
      |
17745 | appendCounterEventWithId storeHandle streamName eventId event = do
      |                                      ^^^^^^^^^^

test/Main.hs:17926:7: warning: [GHC-68441] [-Wdeprecations]
    In the use of record field of ReadModel ‘subscriptionName’
    (imported from Keiro.ReadModel):
    Deprecated: "Use ReadModelBlueprint.cursorAuthority and readModelCursorAuthority. It remains exported while keiro-dsl's Language 4 read-model generator emits it and is removed with that generator in a later major release."
      |
17926 |       subscriptionName = "counter-read-model-sub",
      |       ^^^^^^^^^^^^^^^^

test/Main.hs:17929:7: warning: [GHC-68441] [-Wdeprecations]
    In the use of record field of ReadModel ‘defaultConsistency’
    (imported from Keiro.ReadModel):
    Deprecated: "Use ReadModelBlueprint builders and readModelDefaultFreshness. It remains exported while keiro-dsl's Language 4 read-model generator emits it and is removed with that generator in a later major release."
      |
17929 |       defaultConsistency = Eventual,
      |       ^^^^^^^^^^^^^^^^^^

test/Main.hs:17929:28: warning: [GHC-68441] [-Wdeprecations]
    In the use of data constructor ‘Eventual’
    (imported from Keiro.ReadModel):
    Deprecated: "Use Immediate. Eventual means only that the query does not wait. It remains exported while keiro-dsl's Language 4 read-model generator emits it and is removed with that generator in a later major release."
      |
17929 |       defaultConsistency = Eventual,
      |                            ^^^^^^^^

test/Main.hs:17930:7: warning: [GHC-68441] [-Wdeprecations]
    In the use of record field of ReadModel ‘strongScope’
    (imported from Keiro.ReadModel):
    Deprecated: "Use HeadScope through the ReadModelBlueprint builders. It remains exported while keiro-dsl's Language 4 read-model generator emits it and is removed with that generator in a later major release."
      |
17930 |       strongScope = EntireLog,
      |       ^^^^^^^^^^^

test/Main.hs:17930:21: warning: [GHC-68441] [-Wdeprecations]
    In the use of data constructor ‘EntireLog’
    (imported from Keiro.ReadModel):
    Deprecated: "Use EntireVisibleLog. It remains exported while keiro-dsl's Language 4 read-model generator emits it and is removed with that generator in a later major release."
      |
17930 |       strongScope = EntireLog,
      |                     ^^^^^^^^^

test/Main.hs:17961:38: warning: [GHC-68441] [-Wdeprecations]
    In the use of data constructor ‘CategoryHead’
    (imported from Keiro.ReadModel):
    Deprecated: "Use CategoryVisibleHead. It remains exported while keiro-dsl's Language 4 read-model generator emits it and is removed with that generator in a later major release."
      |
17961 |   counterReadModel & #strongScope .~ CategoryHead "counter"
      |                                      ^^^^^^^^^^^^

test/Main.hs:18053:7: warning: [GHC-68441] [-Wdeprecations]
    In the use of record field of ReadModel ‘subscriptionName’
    (imported from Keiro.ReadModel):
    Deprecated: "Use ReadModelBlueprint.cursorAuthority and readModelCursorAuthority. It remains exported while keiro-dsl's Language 4 read-model generator emits it and is removed with that generator in a later major release."
      |
18053 |       subscriptionName = "placed-counter-sub",
      |       ^^^^^^^^^^^^^^^^

test/Main.hs:18056:7: warning: [GHC-68441] [-Wdeprecations]
    In the use of record field of ReadModel ‘defaultConsistency’
    (imported from Keiro.ReadModel):
    Deprecated: "Use ReadModelBlueprint builders and readModelDefaultFreshness. It remains exported while keiro-dsl's Language 4 read-model generator emits it and is removed with that generator in a later major release."
      |
18056 |       defaultConsistency = Eventual,
      |       ^^^^^^^^^^^^^^^^^^

test/Main.hs:18056:28: warning: [GHC-68441] [-Wdeprecations]
    In the use of data constructor ‘Eventual’
    (imported from Keiro.ReadModel):
    Deprecated: "Use Immediate. Eventual means only that the query does not wait. It remains exported while keiro-dsl's Language 4 read-model generator emits it and is removed with that generator in a later major release."
      |
18056 |       defaultConsistency = Eventual,
      |                            ^^^^^^^^

test/Main.hs:18057:7: warning: [GHC-68441] [-Wdeprecations]
    In the use of record field of ReadModel ‘strongScope’
    (imported from Keiro.ReadModel):
    Deprecated: "Use HeadScope through the ReadModelBlueprint builders. It remains exported while keiro-dsl's Language 4 read-model generator emits it and is removed with that generator in a later major release."
      |
18057 |       strongScope = EntireLog,
      |       ^^^^^^^^^^^

test/Main.hs:18057:21: warning: [GHC-68441] [-Wdeprecations]
    In the use of data constructor ‘EntireLog’
    (imported from Keiro.ReadModel):
    Deprecated: "Use EntireVisibleLog. It remains exported while keiro-dsl's Language 4 read-model generator emits it and is removed with that generator in a later major release."
      |
18057 |       strongScope = EntireLog,
      |                     ^^^^^^^^^

test/Main.hs:18330:7: warning: [GHC-68441] [-Wdeprecations]
    In the use of record field of ReadModel ‘subscriptionName’
    (imported from Keiro.ReadModel):
    Deprecated: "Use ReadModelBlueprint.cursorAuthority and readModelCursorAuthority. It remains exported while keiro-dsl's Language 4 read-model generator emits it and is removed with that generator in a later major release."
      |
18330 |       subscriptionName = "router-targets-sub",
      |       ^^^^^^^^^^^^^^^^

test/Main.hs:18333:7: warning: [GHC-68441] [-Wdeprecations]
    In the use of record field of ReadModel ‘defaultConsistency’
    (imported from Keiro.ReadModel):
    Deprecated: "Use ReadModelBlueprint builders and readModelDefaultFreshness. It remains exported while keiro-dsl's Language 4 read-model generator emits it and is removed with that generator in a later major release."
      |
18333 |       defaultConsistency = Eventual,
      |       ^^^^^^^^^^^^^^^^^^

test/Main.hs:18333:28: warning: [GHC-68441] [-Wdeprecations]
    In the use of data constructor ‘Eventual’
    (imported from Keiro.ReadModel):
    Deprecated: "Use Immediate. Eventual means only that the query does not wait. It remains exported while keiro-dsl's Language 4 read-model generator emits it and is removed with that generator in a later major release."
      |
18333 |       defaultConsistency = Eventual,
      |                            ^^^^^^^^

test/Main.hs:18334:7: warning: [GHC-68441] [-Wdeprecations]
    In the use of record field of ReadModel ‘strongScope’
    (imported from Keiro.ReadModel):
    Deprecated: "Use HeadScope through the ReadModelBlueprint builders. It remains exported while keiro-dsl's Language 4 read-model generator emits it and is removed with that generator in a later major release."
      |
18334 |       strongScope = EntireLog,
      |       ^^^^^^^^^^^

test/Main.hs:18334:21: warning: [GHC-68441] [-Wdeprecations]
    In the use of data constructor ‘EntireLog’
    (imported from Keiro.ReadModel):
    Deprecated: "Use EntireVisibleLog. It remains exported while keiro-dsl's Language 4 read-model generator emits it and is removed with that generator in a later major release."
      |
18334 |       strongScope = EntireLog,
      |                     ^^^^^^^^^

test/Main.hs:18733:5: warning: [GHC-63397] [-Wname-shadowing]
    This binding for ‘step’ shadows the existing binding
      imported from ‘Keiro.Workflow’ at test/Main.hs:293:5-8
      |
18733 |     step = 100_000
      |     ^^^^

test/Main.hs:18747:5: warning: [GHC-63397] [-Wname-shadowing]
    This binding for ‘step’ shadows the existing binding
      imported from ‘Keiro.Workflow’ at test/Main.hs:293:5-8
      |
18747 |     step = 50_000
      |     ^^^^

test/Main.hs:18764:5: warning: [GHC-63397] [-Wname-shadowing]
    This binding for ‘step’ shadows the existing binding
      imported from ‘Keiro.Workflow’ at test/Main.hs:293:5-8
      |
18764 |     step = 200_000
      |     ^^^^

test/Main.hs:18784:5: warning: [GHC-63397] [-Wname-shadowing]
    This binding for ‘step’ shadows the existing binding
      imported from ‘Keiro.Workflow’ at test/Main.hs:293:5-8
      |
18784 |     step = 100_000
      |     ^^^^

[18 of 19] Compiling Main             ( test/Main.hs, /Users/shinzui/Keikaku/bokuno/keiro/dist-newstyle/build/aarch64-osx/ghc-9.12.4/keiro-0.19.0.1/t/keiro-test/build/keiro-test/keiro-test-tmp/Main.o ) [Source file changed]
test/Main.hs:15:46: warning: [GHC-38856] [-Wunused-imports]
    The import of ‘.:?’ from module ‘Data.Aeson’ is redundant
   |
15 | import Data.Aeson (object, withObject, (.:), (.:?))
   |                                              ^^^^^

test/Main.hs:28:1: warning: [GHC-66111] [-Wunused-imports]
    The import of ‘Data.Monoid’ is redundant
      except perhaps to import instances from ‘Data.Monoid’
    To import instances alone, use: import Data.Monoid()
   |
28 | import Data.Monoid (mempty)
   | ^^^^^^^^^^^^^^^^^^^^^^^^^^^

test/Main.hs:102:1: warning: [GHC-66111] [-Wunused-imports]
    The import of ‘Keiro.EventStream’ is redundant
      except perhaps to import instances from ‘Keiro.EventStream’
    To import instances alone, use: import Keiro.EventStream()
    |
102 | import Keiro.EventStream (Terminality (..))
    | ^^^^^^^^^^^^^^^^^^^^^^^^^^^^^^^^^^^^^^^^^^^

test/Main.hs:103:1: warning: [GHC-66111] [-Wunused-imports]
    The import of ‘Keiro.EventStream.Validate’ is redundant
      except perhaps to import instances from ‘Keiro.EventStream.Validate’
    To import instances alone, use: import Keiro.EventStream.Validate()
    |
103 | import Keiro.EventStream.Validate
    | ^^^^^^^^^^^^^^^^^^^^^^^^^^^^^^^^^...

test/Main.hs:207:5: warning: [GHC-38856] [-Wunused-imports]
    The import of ‘ShardCountResizeReport’
    from module ‘Keiro.Subscription.Shard’ is redundant
    |
207 |     ShardCountResizeReport (..),
    |     ^^^^^^^^^^^^^^^^^^^^^^^^^^^

test/Main.hs:368:5: warning: [GHC-38856] [-Wunused-imports]
    The import of ‘EventType’
    from module ‘Kiroku.Store.Types’ is redundant
    |
368 |     EventType (..),
    |     ^^^^^^^^^^^^^^

test/Main.hs:902:45: warning: [GHC-02256] [-Wambiguous-fields]
    Ambiguous record update with parent type constructor ‘Codec’.
    This type-directed disambiguation mechanism will not be supported by -XDuplicateRecordFields in future releases of GHC.
    Consider disambiguating using module qualification instead.
    |
902 |       fmap (const ()) (mkCodec (orderCodec {schemaVersion = 0})) `shouldBe` Left (CodecSchemaVersionInvalid 0)
    |                                             ^^^^^^^^^^^^^^^^^

test/Main.hs:1001:113: warning: [GHC-18042] [-Wtype-defaults]
    • Defaulting the type variable ‘a0’ to type ‘Integer’ in the following constraints
        (Num a0) arising from the literal ‘7’ at test/Main.hs:1001:113
        (Eq a0) arising from a use of ‘shouldBe’ at test/Main.hs:1001:9-18
        (Show a0)
          arising from a use of ‘shouldBe’ at test/Main.hs:1001:9-18
        (Num a0) arising from the literal ‘7’ at test/Main.hs:991:106
    • In the expression: 7
      In the third argument of ‘NominalFixture’, namely ‘(7, True)’
      In the first argument of ‘(:|)’, namely
        ‘NominalFixture
           "enabled"
           (object ["enabled" Aeson..= True, "amount" Aeson..= (7 :: Int)])
           (7, True)’
     |
1001 |         `shouldBe` ( NominalFixture "enabled" (object ["enabled" Aeson..= True, "amount" Aeson..= (7 :: Int)]) (7, True)
     |                                                                                                                 ^

test/Main.hs:3453:11: warning: [GHC-68441] [-Wdeprecations]
    In the use of ‘runQueryWith’ (imported from Keiro.ReadModel):
    Deprecated: "Use runQueryWithFreshness. It remains exported while keiro-dsl's Language 4 read-model generator emits the legacy consistency surface and is removed with that generator in a later major release."
     |
3453 |           runQueryWith Nothing Strong counterReadModel "empty"
     |           ^^^^^^^^^^^^

test/Main.hs:3453:32: warning: [GHC-68441] [-Wdeprecations]
    In the use of data constructor ‘Strong’
    (imported from Keiro.ReadModel):
    Deprecated: "Use WaitForHead. Strong is a bounded captured-head wait, not linearizability. It remains exported while keiro-dsl's Language 4 read-model generator emits it and is removed with that generator in a later major release."
     |
3453 |           runQueryWith Nothing Strong counterReadModel "empty"
     |                                ^^^^^^

test/Main.hs:3528:11: warning: [GHC-68441] [-Wdeprecations]
    In the use of ‘runQueryWith’ (imported from Keiro.ReadModel):
    Deprecated: "Use runQueryWithFreshness. It remains exported while keiro-dsl's Language 4 read-model generator emits the legacy consistency surface and is removed with that generator in a later major release."
     |
3528 |           runQueryWith (Just keiroMetrics) Strong counterImmediateReadModel "inline"
     |           ^^^^^^^^^^^^

test/Main.hs:3528:44: warning: [GHC-68441] [-Wdeprecations]
    In the use of data constructor ‘Strong’
    (imported from Keiro.ReadModel):
    Deprecated: "Use WaitForHead. Strong is a bounded captured-head wait, not linearizability. It remains exported while keiro-dsl's Language 4 read-model generator emits it and is removed with that generator in a later major release."
     |
3528 |           runQueryWith (Just keiroMetrics) Strong counterImmediateReadModel "inline"
     |                                            ^^^^^^

test/Main.hs:3540:11: warning: [GHC-68441] [-Wdeprecations]
    In the use of ‘runQueryWith’ (imported from Keiro.ReadModel):
    Deprecated: "Use runQueryWithFreshness. It remains exported while keiro-dsl's Language 4 read-model generator emits the legacy consistency surface and is removed with that generator in a later major release."
     |
3540 |           runQueryWith
     |           ^^^^^^^^^^^^

test/Main.hs:3542:14: warning: [GHC-68441] [-Wdeprecations]
    In the use of data constructor ‘PositionWait’
    (imported from Keiro.ReadModel):
    Deprecated: "Use WaitForPosition with a concrete target. It remains exported while keiro-dsl's Language 4 read-model generator emits it and is removed with that generator in a later major release."
     |
3542 |             (PositionWait (fastWaitOptions & #target .~ Just (GlobalPosition 5)))
     |              ^^^^^^^^^^^^

test/Main.hs:3580:13: warning: [GHC-68441] [-Wdeprecations]
    In the use of ‘runQueryWith’ (imported from Keiro.ReadModel):
    Deprecated: "Use runQueryWithFreshness. It remains exported while keiro-dsl's Language 4 read-model generator emits the legacy consistency surface and is removed with that generator in a later major release."
     |
3580 |             runQueryWith Nothing Strong counterReadModel "inline"
     |             ^^^^^^^^^^^^

test/Main.hs:3580:34: warning: [GHC-68441] [-Wdeprecations]
    In the use of data constructor ‘Strong’
    (imported from Keiro.ReadModel):
    Deprecated: "Use WaitForHead. Strong is a bounded captured-head wait, not linearizability. It remains exported while keiro-dsl's Language 4 read-model generator emits it and is removed with that generator in a later major release."
     |
3580 |             runQueryWith Nothing Strong counterReadModel "inline"
     |                                  ^^^^^^

test/Main.hs:3611:13: warning: [GHC-68441] [-Wdeprecations]
    In the use of ‘runQueryWith’ (imported from Keiro.ReadModel):
    Deprecated: "Use runQueryWithFreshness. It remains exported while keiro-dsl's Language 4 read-model generator emits the legacy consistency surface and is removed with that generator in a later major release."
     |
3611 |             runQueryWith Nothing Strong counterReadModel "inline"
     |             ^^^^^^^^^^^^

test/Main.hs:3611:34: warning: [GHC-68441] [-Wdeprecations]
    In the use of data constructor ‘Strong’
    (imported from Keiro.ReadModel):
    Deprecated: "Use WaitForHead. Strong is a bounded captured-head wait, not linearizability. It remains exported while keiro-dsl's Language 4 read-model generator emits it and is removed with that generator in a later major release."
     |
3611 |             runQueryWith Nothing Strong counterReadModel "inline"
     |                                  ^^^^^^

test/Main.hs:3662:13: warning: [GHC-68441] [-Wdeprecations]
    In the use of ‘runQueryWith’ (imported from Keiro.ReadModel):
    Deprecated: "Use runQueryWithFreshness. It remains exported while keiro-dsl's Language 4 read-model generator emits the legacy consistency surface and is removed with that generator in a later major release."
     |
3662 |             runQueryWith Nothing Strong counterReadModel "inline"
     |             ^^^^^^^^^^^^

test/Main.hs:3662:34: warning: [GHC-68441] [-Wdeprecations]
    In the use of data constructor ‘Strong’
    (imported from Keiro.ReadModel):
    Deprecated: "Use WaitForHead. Strong is a bounded captured-head wait, not linearizability. It remains exported while keiro-dsl's Language 4 read-model generator emits it and is removed with that generator in a later major release."
     |
3662 |             runQueryWith Nothing Strong counterReadModel "inline"
     |                                  ^^^^^^

test/Main.hs:3697:13: warning: [GHC-68441] [-Wdeprecations]
    In the use of ‘runQueryWith’ (imported from Keiro.ReadModel):
    Deprecated: "Use runQueryWithFreshness. It remains exported while keiro-dsl's Language 4 read-model generator emits the legacy consistency surface and is removed with that generator in a later major release."
     |
3697 |             runQueryWith Nothing Strong counterReadModel "inline"
     |             ^^^^^^^^^^^^

test/Main.hs:3697:34: warning: [GHC-68441] [-Wdeprecations]
    In the use of data constructor ‘Strong’
    (imported from Keiro.ReadModel):
    Deprecated: "Use WaitForHead. Strong is a bounded captured-head wait, not linearizability. It remains exported while keiro-dsl's Language 4 read-model generator emits it and is removed with that generator in a later major release."
     |
3697 |             runQueryWith Nothing Strong counterReadModel "inline"
     |                                  ^^^^^^

test/Main.hs:3745:13: warning: [GHC-68441] [-Wdeprecations]
    In the use of ‘runQueryWith’ (imported from Keiro.ReadModel):
    Deprecated: "Use runQueryWithFreshness. It remains exported while keiro-dsl's Language 4 read-model generator emits the legacy consistency surface and is removed with that generator in a later major release."
     |
3745 |             runQueryWith Nothing Strong counterCategoryReadModel "inline"
     |             ^^^^^^^^^^^^

test/Main.hs:3745:34: warning: [GHC-68441] [-Wdeprecations]
    In the use of data constructor ‘Strong’
    (imported from Keiro.ReadModel):
    Deprecated: "Use WaitForHead. Strong is a bounded captured-head wait, not linearizability. It remains exported while keiro-dsl's Language 4 read-model generator emits it and is removed with that generator in a later major release."
     |
3745 |             runQueryWith Nothing Strong counterCategoryReadModel "inline"
     |                                  ^^^^^^

test/Main.hs:3799:13: warning: [GHC-68441] [-Wdeprecations]
    In the use of ‘runQueryWith’ (imported from Keiro.ReadModel):
    Deprecated: "Use runQueryWithFreshness. It remains exported while keiro-dsl's Language 4 read-model generator emits the legacy consistency surface and is removed with that generator in a later major release."
     |
3799 |             runQueryWith
     |             ^^^^^^^^^^^^

test/Main.hs:3801:16: warning: [GHC-68441] [-Wdeprecations]
    In the use of data constructor ‘PositionWait’
    (imported from Keiro.ReadModel):
    Deprecated: "Use WaitForPosition with a concrete target. It remains exported while keiro-dsl's Language 4 read-model generator emits it and is removed with that generator in a later major release."
     |
3801 |               (PositionWait (fastWaitOptions & #target .~ Just globalPosition))
     |                ^^^^^^^^^^^^

test/Main.hs:3824:11: warning: [GHC-68441] [-Wdeprecations]
    In the use of ‘runQueryWith’ (imported from Keiro.ReadModel):
    Deprecated: "Use runQueryWithFreshness. It remains exported while keiro-dsl's Language 4 read-model generator emits the legacy consistency surface and is removed with that generator in a later major release."
     |
3824 |           runQueryWith
     |           ^^^^^^^^^^^^

test/Main.hs:3826:14: warning: [GHC-68441] [-Wdeprecations]
    In the use of data constructor ‘PositionWait’
    (imported from Keiro.ReadModel):
    Deprecated: "Use WaitForPosition with a concrete target. It remains exported while keiro-dsl's Language 4 read-model generator emits it and is removed with that generator in a later major release."
     |
3826 |             (PositionWait (fastWaitOptions & #target .~ Just (GlobalPosition 5)))
     |              ^^^^^^^^^^^^

test/Main.hs:4347:11: warning: [GHC-68441] [-Wdeprecations]
    In the use of ‘runQueryWith’ (imported from Keiro.ReadModel):
    Deprecated: "Use runQueryWithFreshness. It remains exported while keiro-dsl's Language 4 read-model generator emits the legacy consistency surface and is removed with that generator in a later major release."
     |
4347 |           runQueryWith
     |           ^^^^^^^^^^^^

test/Main.hs:4349:14: warning: [GHC-68441] [-Wdeprecations]
    In the use of data constructor ‘PositionWait’
    (imported from Keiro.ReadModel):
    Deprecated: "Use WaitForPosition with a concrete target. It remains exported while keiro-dsl's Language 4 read-model generator emits it and is removed with that generator in a later major release."
     |
4349 |             (PositionWait (fastWaitOptions & #target .~ Just (GlobalPosition 5)))
     |              ^^^^^^^^^^^^

test/Main.hs:4833:20: warning: [GHC-63397] [-Wname-shadowing]
    This binding for ‘id’ shadows the existing binding
      imported from ‘Prelude’ at test/Main.hs:1:8-11
      (and originally defined in ‘ghc-internal-9.1204.0:GHC.Internal.Base’)
     |
4833 |           original id = counterTimerRequest & #timerId .~ id & #fireAt .~ dueTimerTime & #payload .~ object ["version" Aeson..= (1 :: Int)]
     |                    ^^

test/Main.hs:4834:19: warning: [GHC-63397] [-Wname-shadowing]
    This binding for ‘id’ shadows the existing binding
      imported from ‘Prelude’ at test/Main.hs:1:8-11
      (and originally defined in ‘ghc-internal-9.1204.0:GHC.Internal.Base’)
     |
4834 |           changed id = original id & #fireAt .~ addUTCTime 60 dueTimerTime & #payload .~ object ["version" Aeson..= (2 :: Int)]
     |                   ^^

test/Main.hs:5500:17: warning: [GHC-02256] [-Wambiguous-fields]
    Ambiguous record update with parent type constructor ‘ProcessManager’.
    This type-directed disambiguation mechanism will not be supported by -XDuplicateRecordFields in future releases of GHC.
    Consider disambiguating using module qualification instead.
     |
5500 |               { targetEventStream = rejectingEventStream
     |                 ^^^^^^^^^^^^^^^^^^^^^^^^^^^^^^^^^^^^^^^^

test/Main.hs:5533:17: warning: [GHC-02256] [-Wambiguous-fields]
    Ambiguous record update with parent type constructor ‘ProcessManager’.
    This type-directed disambiguation mechanism will not be supported by -XDuplicateRecordFields in future releases of GHC.
    Consider disambiguating using module qualification instead.
     |
5533 |               { targetEventStream = rejectNineEventStream
     |                 ^^^^^^^^^^^^^^^^^^^^^^^^^^^^^^^^^^^^^^^^^

test/Main.hs:5581:17: warning: [GHC-02256] [-Wambiguous-fields]
    Ambiguous record update with parent type constructor ‘ProcessManager’.
    This type-directed disambiguation mechanism will not be supported by -XDuplicateRecordFields in future releases of GHC.
    Consider disambiguating using module qualification instead.
     |
5581 |               { targetEventStream = rejectingEventStream
     |                 ^^^^^^^^^^^^^^^^^^^^^^^^^^^^^^^^^^^^^^^^

test/Main.hs:5605:17: warning: [GHC-02256] [-Wambiguous-fields]
    Ambiguous record update with parent type constructor ‘ProcessManager’.
    This type-directed disambiguation mechanism will not be supported by -XDuplicateRecordFields in future releases of GHC.
    Consider disambiguating using module qualification instead.
     |
5605 |               { eventStream = rejectingEventStream
     |                 ^^^^^^^^^^^^^^^^^^^^^^^^^^^^^^^^^^

test/Main.hs:5630:17: warning: [GHC-02256] [-Wambiguous-fields]
    Ambiguous record update with parent type constructor ‘ProcessManager’.
    This type-directed disambiguation mechanism will not be supported by -XDuplicateRecordFields in future releases of GHC.
    Consider disambiguating using module qualification instead.
     |
5630 |               { targetEventStream = rejectingEventStream
     |                 ^^^^^^^^^^^^^^^^^^^^^^^^^^^^^^^^^^^^^^^^

test/Main.hs:5654:17: warning: [GHC-02256] [-Wambiguous-fields]
    Ambiguous record update with parent type constructor ‘ProcessManager’.
    This type-directed disambiguation mechanism will not be supported by -XDuplicateRecordFields in future releases of GHC.
    Consider disambiguating using module qualification instead.
     |
5654 |               { targetEventStream = rejectingEventStream
     |                 ^^^^^^^^^^^^^^^^^^^^^^^^^^^^^^^^^^^^^^^^

test/Main.hs:6549:15: warning: [GHC-63397] [-Wname-shadowing]
    This binding for ‘before’ shadows the existing binding
      imported from ‘Test.Hspec’ at test/Main.hs:433:1-17
      (and originally defined in ‘hspec-core-2.11.18:Test.Hspec.Core.Hooks’)
     |
6549 |         Right before <- Store.runStoreIO firstStore $ Store.runTransaction $ Tx.statement () timerReadSnapshotStmt
     |               ^^^^^^

test/Main.hs:6604:15: warning: [GHC-63397] [-Wname-shadowing]
    This binding for ‘before’ shadows the existing binding
      imported from ‘Test.Hspec’ at test/Main.hs:433:1-17
      (and originally defined in ‘hspec-core-2.11.18:Test.Hspec.Core.Hooks’)
     |
6604 |         Right before <- Store.runStoreIO firstStore $ Store.runTransaction $ Tx.statement () timerReadSnapshotStmt
     |               ^^^^^^

test/Main.hs:6657:13: warning: [GHC-63397] [-Wname-shadowing]
    This binding for ‘before’ shadows the existing binding
      imported from ‘Test.Hspec’ at test/Main.hs:433:1-17
      (and originally defined in ‘hspec-core-2.11.18:Test.Hspec.Core.Hooks’)
     |
6657 |             before <- snapshot
     |             ^^^^^^

test/Main.hs:6671:7: warning: [GHC-63397] [-Wname-shadowing]
    This binding for ‘before’ shadows the existing binding
      imported from ‘Test.Hspec’ at test/Main.hs:433:1-17
      (and originally defined in ‘hspec-core-2.11.18:Test.Hspec.Core.Hooks’)
     |
6671 |       before <- snapshot
     |       ^^^^^^

test/Main.hs:6688:21: warning: [GHC-63397] [-Wname-shadowing]
    This binding for ‘before’ shadows the existing binding
      imported from ‘Test.Hspec’ at test/Main.hs:433:1-17
      (and originally defined in ‘hspec-core-2.11.18:Test.Hspec.Core.Hooks’)
     |
6688 |         Right (Just before) <- Store.runStoreIO storeHandle $ lookupTimer tid
     |                     ^^^^^^

test/Main.hs:6691:22: warning: [GHC-63397] [-Wname-shadowing]
    This binding for ‘repeated’ shadows the existing binding
      imported from ‘Keiro.Prelude’ at test/Main.hs:196:1-20
      (and originally defined in ‘lens-5.3.6:Control.Lens.Fold’)
     |
6691 |         Right (Right repeated) <- Store.runStoreIO storeHandle $ claimDeadTimer request
     |                      ^^^^^^^^

test/Main.hs:6707:13: warning: [GHC-63397] [-Wname-shadowing]
    This binding for ‘before’ shadows the existing binding
      imported from ‘Test.Hspec’ at test/Main.hs:433:1-17
      (and originally defined in ‘hspec-core-2.11.18:Test.Hspec.Core.Hooks’)
     |
6707 |       Right before <- Store.runStoreIO storeHandle $ Store.runTransaction $ Tx.statement () timerReadSnapshotStmt
     |             ^^^^^^

test/Main.hs:7222:32: warning: [GHC-63397] [-Wname-shadowing]
    This binding for ‘index’ shadows the existing binding
      imported from ‘Keiro.Prelude’ at test/Main.hs:196:1-20
      (and originally defined in ‘lens-5.3.6:Control.Lens.Indexed’)
     |
7222 |         enqueue producer event index draft storeHandle = Store.runStoreIO storeHandle (Store.runTransaction (ProducerOutbox.enqueueProducerEventTx producer event index draft))
     |                                ^^^^^

test/Main.hs:7251:9: warning: [GHC-63397] [-Wname-shadowing]
    This binding for ‘before’ shadows the existing binding
      imported from ‘Test.Hspec’ at test/Main.hs:433:1-17
      (and originally defined in ‘hspec-core-2.11.18:Test.Hspec.Core.Hooks’)
     |
7251 |         before <- Store.withStore (Store.defaultConnectionSettings conn) $ \storeHandle -> do
     |         ^^^^^^

test/Main.hs:7261:16: warning: [GHC-63397] [-Wname-shadowing]
    This binding for ‘before’ shadows the existing binding
      imported from ‘Test.Hspec’ at test/Main.hs:433:1-17
      (and originally defined in ‘hspec-core-2.11.18:Test.Hspec.Core.Hooks’)
     |
7261 |         Right [before] <- rows storeHandle
     |                ^^^^^^

test/Main.hs:7314:16: warning: [GHC-63397] [-Wname-shadowing]
    This binding for ‘before’ shadows the existing binding
      imported from ‘Test.Hspec’ at test/Main.hs:433:1-17
      (and originally defined in ‘hspec-core-2.11.18:Test.Hspec.Core.Hooks’)
     |
7314 |         Right [before] <- rows storeHandle
     |                ^^^^^^

test/Main.hs:7377:16: warning: [GHC-63397] [-Wname-shadowing]
    This binding for ‘before’ shadows the existing binding
      imported from ‘Test.Hspec’ at test/Main.hs:433:1-17
      (and originally defined in ‘hspec-core-2.11.18:Test.Hspec.Core.Hooks’)
     |
7377 |         Right [before] <- rows storeHandle
     |                ^^^^^^

test/Main.hs:8636:7: warning: [GHC-63397] [-Wname-shadowing]
    This binding for ‘contexts’ shadows the existing binding
      imported from ‘Keiro.Prelude’ at test/Main.hs:196:1-20
      (and originally defined in ‘lens-5.3.6:Control.Lens.Plated’)
     |
8636 |       contexts <- traverse (shouldBeRight . mkDelegatedRetryContext 3) [1, 2, 3, 4]
     |       ^^^^^^^^

test/Main.hs:8639:11: warning: [GHC-63397] [-Wname-shadowing]
    This binding for ‘failing’ shadows the existing binding
      imported from ‘Keiro.Prelude’ at test/Main.hs:196:1-20
      (and originally defined in ‘lens-5.3.6:Control.Lens.Traversal’)
     |
8639 |           failing _ _ = do
     |           ^^^^^^^

test/Main.hs:8641:13: warning: [GHC-81995] [-Wunused-do-bind]
    A do-notation statement discarded a result of type
      ‘ghc-prim:GHC.Types.ZonkAny 32’
    Suggested fix:
      Suppress this warning by saying
        ‘_ <- liftIO (throwIO (userError "retry ladder failure"))’
     |
8641 |             liftIO (throwIO (userError "retry ladder failure"))
     |             ^^^^^^^^^^^^^^^^^^^^^^^^^^^^^^^^^^^^^^^^^^^^^^^^^^^

test/Main.hs:8673:13: warning: [GHC-81995] [-Wunused-do-bind]
    A do-notation statement discarded a result of type
      ‘ghc-prim:GHC.Types.ZonkAny 33’
    Suggested fix:
      Suppress this warning by saying
        ‘_ <- liftIO (throwIO (userError "terminal delegated failure"))’
     |
8673 |             liftIO (throwIO (userError "terminal delegated failure"))
     |             ^^^^^^^^^^^^^^^^^^^^^^^^^^^^^^^^^^^^^^^^^^^^^^^^^^^^^^^^^

test/Main.hs:10074:13: warning: [GHC-63397] [-Wname-shadowing]
    This binding for ‘indexed’ shadows the existing binding
      imported from ‘Keiro.Prelude’ at test/Main.hs:196:1-20
      (and originally defined in ‘lens-5.3.6:Control.Lens.Internal.Indexed’)
      |
10074 |       Right indexed <- Store.runStoreIO storeHandle $ loadStepIndex name wid 0
      |             ^^^^^^^

test/Main.hs:11499:19: warning: [GHC-63397] [-Wname-shadowing]
    This binding for ‘streamName’ shadows the existing binding
      imported from ‘Keiro’ at test/Main.hs:72:1-12
      (and originally defined in ‘Keiro.Stream’)
      |
11499 |               let streamName = workflowGenerationStreamName name wid g
      |                   ^^^^^^^^^^

test/Main.hs:11565:7: warning: [GHC-63397] [-Wname-shadowing]
    This binding for ‘pre’ shadows the existing binding
      imported from ‘Keiro.Prelude’ at test/Main.hs:196:1-20
      (and originally defined in ‘lens-5.3.6:Control.Lens.Fold’)
      |
11565 |       pre <- Store.runStoreIO storeHandle $ runWorkflow name inflight (prePatchWorkflow counter)
      |       ^^^

test/Main.hs:11991:11: warning: [GHC-63397] [-Wname-shadowing]
    This binding for ‘before’ shadows the existing binding
      imported from ‘Test.Hspec’ at test/Main.hs:433:1-17
      (and originally defined in ‘hspec-core-2.11.18:Test.Hspec.Core.Hooks’)
      |
11991 |           before <- positions store
      |           ^^^^^^

test/Main.hs:12000:7: warning: [GHC-63397] [-Wname-shadowing]
    This binding for ‘before’ shadows the existing binding
      imported from ‘Test.Hspec’ at test/Main.hs:433:1-17
      (and originally defined in ‘hspec-core-2.11.18:Test.Hspec.Core.Hooks’)
      |
12000 |       before <- seedSkewed store
      |       ^^^^^^

test/Main.hs:12010:7: warning: [GHC-63397] [-Wname-shadowing]
    This binding for ‘before’ shadows the existing binding
      imported from ‘Test.Hspec’ at test/Main.hs:433:1-17
      (and originally defined in ‘hspec-core-2.11.18:Test.Hspec.Core.Hooks’)
      |
12010 |       before <- seedSkewed store
      |       ^^^^^^

test/Main.hs:12021:7: warning: [GHC-63397] [-Wname-shadowing]
    This binding for ‘before’ shadows the existing binding
      imported from ‘Test.Hspec’ at test/Main.hs:433:1-17
      (and originally defined in ‘hspec-core-2.11.18:Test.Hspec.Core.Hooks’)
      |
12021 |       before <- seedSkewed store
      |       ^^^^^^

test/Main.hs:12029:7: warning: [GHC-63397] [-Wname-shadowing]
    This binding for ‘before’ shadows the existing binding
      imported from ‘Test.Hspec’ at test/Main.hs:433:1-17
      (and originally defined in ‘hspec-core-2.11.18:Test.Hspec.Core.Hooks’)
      |
12029 |       before <- seedSkewed store
      |       ^^^^^^

test/Main.hs:15572:18: warning: [GHC-63397] [-Wname-shadowing]
    This binding for ‘version’ shadows the existing binding
      imported from ‘Keiro’ at test/Main.hs:72:1-12
      |
15572 | metadataForOrDie version existing =
      |                  ^^^^^^^

test/Main.hs:17211:7: warning: [GHC-02256] [-Wambiguous-fields]
    Ambiguous record update with parent type constructor ‘ProcessManager’.
    This type-directed disambiguation mechanism will not be supported by -XDuplicateRecordFields in future releases of GHC.
    Consider disambiguating using module qualification instead.
      |
17211 |     { name = "unicode-pm",
      |       ^^^^^^^^^^^^^^^^^^^

test/Main.hs:17337:7: warning: [GHC-02256] [-Wambiguous-fields]
    Ambiguous record update with parent type constructor ‘ProcessManager’.
    This type-directed disambiguation mechanism will not be supported by -XDuplicateRecordFields in future releases of GHC.
    Consider disambiguating using module qualification instead.
      |
17337 |     { name = managerName,
      |       ^^^^^^^^^^^^^^^^^^

test/Main.hs:17757:38: warning: [GHC-63397] [-Wname-shadowing]
    This binding for ‘streamName’ shadows the existing binding
      imported from ‘Keiro’ at test/Main.hs:72:1-12
      (and originally defined in ‘Keiro.Stream’)
      |
17757 | appendCounterEventWithId storeHandle streamName eventId event = do
      |                                      ^^^^^^^^^^

test/Main.hs:17938:7: warning: [GHC-68441] [-Wdeprecations]
    In the use of record field of ReadModel ‘subscriptionName’
    (imported from Keiro.ReadModel):
    Deprecated: "Use ReadModelBlueprint.cursorAuthority and readModelCursorAuthority. It remains exported while keiro-dsl's Language 4 read-model generator emits it and is removed with that generator in a later major release."
      |
17938 |       subscriptionName = "counter-read-model-sub",
      |       ^^^^^^^^^^^^^^^^

test/Main.hs:17941:7: warning: [GHC-68441] [-Wdeprecations]
    In the use of record field of ReadModel ‘defaultConsistency’
    (imported from Keiro.ReadModel):
    Deprecated: "Use ReadModelBlueprint builders and readModelDefaultFreshness. It remains exported while keiro-dsl's Language 4 read-model generator emits it and is removed with that generator in a later major release."
      |
17941 |       defaultConsistency = Eventual,
      |       ^^^^^^^^^^^^^^^^^^

test/Main.hs:17941:28: warning: [GHC-68441] [-Wdeprecations]
    In the use of data constructor ‘Eventual’
    (imported from Keiro.ReadModel):
    Deprecated: "Use Immediate. Eventual means only that the query does not wait. It remains exported while keiro-dsl's Language 4 read-model generator emits it and is removed with that generator in a later major release."
      |
17941 |       defaultConsistency = Eventual,
      |                            ^^^^^^^^

test/Main.hs:17942:7: warning: [GHC-68441] [-Wdeprecations]
    In the use of record field of ReadModel ‘strongScope’
    (imported from Keiro.ReadModel):
    Deprecated: "Use HeadScope through the ReadModelBlueprint builders. It remains exported while keiro-dsl's Language 4 read-model generator emits it and is removed with that generator in a later major release."
      |
17942 |       strongScope = EntireLog,
      |       ^^^^^^^^^^^

test/Main.hs:17942:21: warning: [GHC-68441] [-Wdeprecations]
    In the use of data constructor ‘EntireLog’
    (imported from Keiro.ReadModel):
    Deprecated: "Use EntireVisibleLog. It remains exported while keiro-dsl's Language 4 read-model generator emits it and is removed with that generator in a later major release."
      |
17942 |       strongScope = EntireLog,
      |                     ^^^^^^^^^

test/Main.hs:17973:38: warning: [GHC-68441] [-Wdeprecations]
    In the use of data constructor ‘CategoryHead’
    (imported from Keiro.ReadModel):
    Deprecated: "Use CategoryVisibleHead. It remains exported while keiro-dsl's Language 4 read-model generator emits it and is removed with that generator in a later major release."
      |
17973 |   counterReadModel & #strongScope .~ CategoryHead "counter"
      |                                      ^^^^^^^^^^^^

test/Main.hs:18065:7: warning: [GHC-68441] [-Wdeprecations]
    In the use of record field of ReadModel ‘subscriptionName’
    (imported from Keiro.ReadModel):
    Deprecated: "Use ReadModelBlueprint.cursorAuthority and readModelCursorAuthority. It remains exported while keiro-dsl's Language 4 read-model generator emits it and is removed with that generator in a later major release."
      |
18065 |       subscriptionName = "placed-counter-sub",
      |       ^^^^^^^^^^^^^^^^

test/Main.hs:18068:7: warning: [GHC-68441] [-Wdeprecations]
    In the use of record field of ReadModel ‘defaultConsistency’
    (imported from Keiro.ReadModel):
    Deprecated: "Use ReadModelBlueprint builders and readModelDefaultFreshness. It remains exported while keiro-dsl's Language 4 read-model generator emits it and is removed with that generator in a later major release."
      |
18068 |       defaultConsistency = Eventual,
      |       ^^^^^^^^^^^^^^^^^^

test/Main.hs:18068:28: warning: [GHC-68441] [-Wdeprecations]
    In the use of data constructor ‘Eventual’
    (imported from Keiro.ReadModel):
    Deprecated: "Use Immediate. Eventual means only that the query does not wait. It remains exported while keiro-dsl's Language 4 read-model generator emits it and is removed with that generator in a later major release."
      |
18068 |       defaultConsistency = Eventual,
      |                            ^^^^^^^^

test/Main.hs:18069:7: warning: [GHC-68441] [-Wdeprecations]
    In the use of record field of ReadModel ‘strongScope’
    (imported from Keiro.ReadModel):
    Deprecated: "Use HeadScope through the ReadModelBlueprint builders. It remains exported while keiro-dsl's Language 4 read-model generator emits it and is removed with that generator in a later major release."
      |
18069 |       strongScope = EntireLog,
      |       ^^^^^^^^^^^

test/Main.hs:18069:21: warning: [GHC-68441] [-Wdeprecations]
    In the use of data constructor ‘EntireLog’
    (imported from Keiro.ReadModel):
    Deprecated: "Use EntireVisibleLog. It remains exported while keiro-dsl's Language 4 read-model generator emits it and is removed with that generator in a later major release."
      |
18069 |       strongScope = EntireLog,
      |                     ^^^^^^^^^

test/Main.hs:18342:7: warning: [GHC-68441] [-Wdeprecations]
    In the use of record field of ReadModel ‘subscriptionName’
    (imported from Keiro.ReadModel):
    Deprecated: "Use ReadModelBlueprint.cursorAuthority and readModelCursorAuthority. It remains exported while keiro-dsl's Language 4 read-model generator emits it and is removed with that generator in a later major release."
      |
18342 |       subscriptionName = "router-targets-sub",
      |       ^^^^^^^^^^^^^^^^

test/Main.hs:18345:7: warning: [GHC-68441] [-Wdeprecations]
    In the use of record field of ReadModel ‘defaultConsistency’
    (imported from Keiro.ReadModel):
    Deprecated: "Use ReadModelBlueprint builders and readModelDefaultFreshness. It remains exported while keiro-dsl's Language 4 read-model generator emits it and is removed with that generator in a later major release."
      |
18345 |       defaultConsistency = Eventual,
      |       ^^^^^^^^^^^^^^^^^^

test/Main.hs:18345:28: warning: [GHC-68441] [-Wdeprecations]
    In the use of data constructor ‘Eventual’
    (imported from Keiro.ReadModel):
    Deprecated: "Use Immediate. Eventual means only that the query does not wait. It remains exported while keiro-dsl's Language 4 read-model generator emits it and is removed with that generator in a later major release."
      |
18345 |       defaultConsistency = Eventual,
      |                            ^^^^^^^^

test/Main.hs:18346:7: warning: [GHC-68441] [-Wdeprecations]
    In the use of record field of ReadModel ‘strongScope’
    (imported from Keiro.ReadModel):
    Deprecated: "Use HeadScope through the ReadModelBlueprint builders. It remains exported while keiro-dsl's Language 4 read-model generator emits it and is removed with that generator in a later major release."
      |
18346 |       strongScope = EntireLog,
      |       ^^^^^^^^^^^

test/Main.hs:18346:21: warning: [GHC-68441] [-Wdeprecations]
    In the use of data constructor ‘EntireLog’
    (imported from Keiro.ReadModel):
    Deprecated: "Use EntireVisibleLog. It remains exported while keiro-dsl's Language 4 read-model generator emits it and is removed with that generator in a later major release."
      |
18346 |       strongScope = EntireLog,
      |                     ^^^^^^^^^

test/Main.hs:18745:5: warning: [GHC-63397] [-Wname-shadowing]
    This binding for ‘step’ shadows the existing binding
      imported from ‘Keiro.Workflow’ at test/Main.hs:293:5-8
      |
18745 |     step = 100_000
      |     ^^^^

test/Main.hs:18759:5: warning: [GHC-63397] [-Wname-shadowing]
    This binding for ‘step’ shadows the existing binding
      imported from ‘Keiro.Workflow’ at test/Main.hs:293:5-8
      |
18759 |     step = 50_000
      |     ^^^^

test/Main.hs:18776:5: warning: [GHC-63397] [-Wname-shadowing]
    This binding for ‘step’ shadows the existing binding
      imported from ‘Keiro.Workflow’ at test/Main.hs:293:5-8
      |
18776 |     step = 200_000
      |     ^^^^

test/Main.hs:18796:5: warning: [GHC-63397] [-Wname-shadowing]
    This binding for ‘step’ shadows the existing binding
      imported from ‘Keiro.Workflow’ at test/Main.hs:293:5-8
      |
18796 |     step = 100_000
      |     ^^^^

[19 of 19] Linking /Users/shinzui/Keikaku/bokuno/keiro/dist-newstyle/build/aarch64-osx/ghc-9.12.4/keiro-0.19.0.1/t/keiro-test/build/keiro-test/keiro-test [Objects changed]
