warning: Git tree '/Users/shinzui/Keikaku/bokuno/keiro' has uncommitted changes
Using saved setting for 'extra-substituters = https://shinzui.cachix.org' from ~/.local/share/nix/trusted-settings.json.
Using saved setting for 'extra-trusted-public-keys = shinzui.cachix.org-1:QEmAoJrA9WwLP0uxfDgktLi2BRrcvQQWdz8NzcMg4/E=' from ~/.local/share/nix/trusted-settings.json.
warning: ignoring untrusted flake configuration setting 'extra-trusted-public-keys'.
Pass '--accept-flake-config' to trust it
evaluating 'apps'...
evaluating 'checks'...
evaluating 'devShells'...
evaluating 'formatter'...
evaluating 'legacyPackages'...
evaluating 'nixosConfigurations'...
evaluating 'nixosModules'...
evaluating 'overlays'...
evaluating 'nixosModules'...
evaluating 'packages'...
evaluating 'apps'...
evaluating 'formatter'...
evaluating 'nixosConfigurations'...
evaluating 'legacyPackages'...
evaluating 'checks'...
evaluating 'overlays'...
evaluating 'devShells'...
evaluating 'packages'...
evaluating 'devShells.aarch64-darwin'...
evaluating 'devShells.armv6l-linux'...
evaluating 'packages.aarch64-darwin'...
evaluating 'packages.aarch64-linux'...
evaluating 'devShells.aarch64-linux'...
evaluating 'devShells.armv7l-linux'...
evaluating 'checks.aarch64-darwin'...
evaluating 'legacyPackages.aarch64-darwin'...
evaluating 'apps.aarch64-darwin'...
evaluating 'checks.aarch64-linux'...
evaluating 'legacyPackages.aarch64-linux'...
evaluating 'packages.armv6l-linux'...
evaluating 'apps.aarch64-linux'...
evaluating 'legacyPackages.armv6l-linux'...
evaluating 'apps.armv6l-linux'...
evaluating 'packages.armv7l-linux'...
evaluating 'checks.armv7l-linux'...
evaluating 'legacyPackages.armv7l-linux'...
evaluating 'checks.armv6l-linux'...
evaluating 'devShells.i686-linux'...
evaluating 'apps.armv7l-linux'...
evaluating 'packages.i686-linux'...
evaluating 'legacyPackages.i686-linux'...
evaluating 'apps.i686-linux'...
evaluating 'checks.i686-linux'...
evaluating 'devShells.powerpc64le-linux'...
evaluating 'checks.powerpc64le-linux'...
evaluating 'packages.powerpc64le-linux'...
evaluating 'legacyPackages.powerpc64le-linux'...
evaluating 'apps.powerpc64le-linux'...
evaluating 'checks.riscv64-linux'...
evaluating 'devShells.riscv64-linux'...
evaluating 'apps.riscv64-linux'...
evaluating 'devShells.x86_64-freebsd'...
evaluating 'packages.riscv64-linux'...
evaluating 'legacyPackages.riscv64-linux'...
evaluating 'packages.x86_64-freebsd'...
evaluating 'legacyPackages.x86_64-freebsd'...
evaluating 'apps.x86_64-freebsd'...
evaluating 'devShells.x86_64-linux'...
evaluating 'checks.x86_64-freebsd'...
evaluating 'packages.x86_64-linux'...
evaluating 'checks.x86_64-linux'...
evaluating 'apps.x86_64-linux'...
evaluating 'legacyPackages.x86_64-linux'...
evaluating 'devShells.aarch64-darwin.default'...
evaluating 'devShells.aarch64-darwin.ghc9124'...
evaluating 'checks.aarch64-darwin.pre-commit'...
evaluating 'checks.aarch64-darwin.treefmt'...
evaluating 'formatter.aarch64-darwin'...
evaluating 'formatter.aarch64-linux'...
evaluating 'formatter.armv6l-linux'...
evaluating 'formatter.armv7l-linux'...
evaluating 'formatter.i686-linux'...
evaluating 'formatter.powerpc64le-linux'...
evaluating 'formatter.x86_64-freebsd'...
evaluating 'formatter.x86_64-linux'...
evaluating 'formatter.riscv64-linux'...
✅ devShells.aarch64-darwin.ghc9124 (build skipped)
✅ devShells.aarch64-darwin.default (build skipped)
✅ formatter.aarch64-darwin (build skipped)
running 2 flake checks...
building '/nix/store/idpqx8drimcgrj0505kwx8wnw472f8vn-pre-commit-run.drv'...
building '/nix/store/nww0xy9yi755h2xbsndhgqvncvcqyddy-treefmt-check.drv'...
✅ checks.aarch64-darwin.pre-commit
✅ checks.aarch64-darwin.treefmt
warning: The check omitted these incompatible systems: aarch64-linux, armv6l-linux, armv7l-linux, i686-linux, powerpc64le-linux, riscv64-linux, x86_64-freebsd, x86_64-linux
Use '--all-systems' to check all.
